// Jest Snapshot v1, https://goo.gl/fbAQLP

exports[`Generates a queue correctly. 1`] = `
Array [
  [Function],
  [Function],
  [Function],
  [Function],
  [Function],
  [Function],
]
`;
