// Jest Snapshot v1, https://goo.gl/fbAQLP

exports[`Initial queue only contains startDelay pause. 1`] = `
Array [
  Array [
    [Function],
    250,
    Object {},
  ],
]
`;

exports[`Returns an object with expected properties. 1`] = `
Array [
  "break",
  "delete",
  "destroy",
  "empty",
  "exec",
  "freeze",
  "getElement",
  "getOptions",
  "getQueue",
  "go",
  "is",
  "move",
  "options",
  "pause",
  "reset",
  "type",
  "unfreeze",
]
`;

exports[`Should skip over empty strings. 1`] = `
Array [
  Array [
    [Function],
    250,
    Object {},
  ],
  Array [
    [Function],
    Object {
      "content": "A",
      "node": A,
    },
    Object {
      "freezeCursor": true,
      "isFirst": true,
      "isLast": true,
    },
  ],
  Array [
    [Function],
    375,
    Object {},
  ],
  Array [
    [Function],
    Object {
      "content": <br />,
      "node": null,
    },
    Object {
      "freezeCursor": true,
    },
  ],
  Array [
    [Function],
    375,
    Object {},
  ],
  Array [
    [Function],
    Object {
      "content": "B",
      "node": B,
    },
    Object {
      "freezeCursor": true,
      "isFirst": true,
      "isLast": true,
    },
  ],
]
`;

exports[`break() Should should queue break character object. 1`] = `
Array [
  Array [
    [Function],
    250,
    Object {},
  ],
  Array [
    [Function],
    Object {
      "content": <br />,
      "node": null,
    },
    Object {},
  ],
]
`;

exports[`delete() Should bookend action with same options when no options passed. 1`] = `
Array [
  Array [
    [Function],
    250,
    Object {},
  ],
  Array [
    [Function],
    Object {},
    Object {
      "force": true,
    },
  ],
  Array [
    [Function],
    null,
    Object {
      "freezeCursor": true,
    },
  ],
  Array [
    [Function],
    Object {
      "afterComplete": [Function],
      "afterStep": [Function],
      "afterString": [Function],
      "beforeStep": [Function],
      "beforeString": [Function],
      "breakLines": true,
      "cursor": true,
      "cursorChar": "|",
      "cursorSpeed": 1000,
      "deleteSpeed": null,
      "html": true,
      "lifeLike": true,
      "loop": false,
      "loopDelay": Array [
        375,
        375,
      ],
      "nextStringDelay": Array [
        375,
        375,
      ],
      "speed": 100,
      "startDelay": 250,
      "startDelete": false,
      "strings": Array [],
      "waitUntilVisible": false,
    },
    Object {
      "force": true,
    },
  ],
]
`;

exports[`delete() Should queue pause after string when defined. 1`] = `
Array [
  [Function],
  300,
  Object {},
]
`;

exports[`delete() Should queue pause correctly when options are passed. 1`] = `
Array [
  [Function],
  200,
  Object {},
]
`;

exports[`delete() Should queue pause correctly when single digit is passed. 1`] = `
Array [
  [Function],
  50,
  Object {},
]
`;

exports[`delete() Should temporarily update options when specified. 1`] = `
Array [
  Array [
    [Function],
    250,
    Object {},
  ],
  Array [
    [Function],
    Object {
      "deleteSpeed": 201,
    },
    Object {
      "force": true,
    },
  ],
  Array [
    [Function],
    true,
    Object {
      "freezeCursor": true,
    },
  ],
  Array [
    [Function],
    Object {
      "afterComplete": [Function],
      "afterStep": [Function],
      "afterString": [Function],
      "beforeStep": [Function],
      "beforeString": [Function],
      "breakLines": true,
      "cursor": true,
      "cursorChar": "|",
      "cursorSpeed": 1000,
      "deleteSpeed": null,
      "html": true,
      "lifeLike": true,
      "loop": false,
      "loopDelay": Array [
        375,
        375,
      ],
      "nextStringDelay": Array [
        375,
        375,
      ],
      "speed": 100,
      "startDelay": 250,
      "startDelete": false,
      "strings": Array [],
      "waitUntilVisible": false,
    },
    Object {
      "force": true,
    },
  ],
]
`;

exports[`empty() addSplitPause() Adds different even split pause around strings. 1`] = `
Array [
  Array [
    [Function],
    250,
    Object {},
  ],
  Array [
    [Function],
    Object {
      "content": "A",
      "node": ABC,
    },
    Object {
      "freezeCursor": true,
      "isFirst": true,
    },
  ],
  Array [
    [Function],
    Object {
      "content": "B",
      "node": ABC,
    },
    Object {
      "freezeCursor": true,
    },
  ],
  Array [
    [Function],
    Object {
      "content": "C",
      "node": ABC,
    },
    Object {
      "freezeCursor": true,
      "isLast": true,
    },
  ],
  Array [
    [Function],
    500,
    Object {},
  ],
  Array [
    [Function],
    Object {
      "content": <br />,
      "node": null,
    },
    Object {
      "freezeCursor": true,
    },
  ],
  Array [
    [Function],
    500,
    Object {},
  ],
  Array [
    [Function],
    Object {
      "content": "E",
      "node": EFG,
    },
    Object {
      "freezeCursor": true,
      "isFirst": true,
    },
  ],
  Array [
    [Function],
    Object {
      "content": "F",
      "node": EFG,
    },
    Object {
      "freezeCursor": true,
    },
  ],
  Array [
    [Function],
    Object {
      "content": "G",
      "node": EFG,
    },
    Object {
      "freezeCursor": true,
      "isLast": true,
    },
  ],
]
`;

exports[`empty() addSplitPause() Adds even split pause around strings. 1`] = `
Array [
  Array [
    [Function],
    250,
    Object {},
  ],
]
`;

exports[`empty() addSplitPause() Adds split pause around strings when value is array. 1`] = `
Array [
  Array [
    [Function],
    250,
    Object {},
  ],
  Array [
    [Function],
    Object {
      "content": "A",
      "node": ABC,
    },
    Object {
      "freezeCursor": true,
      "isFirst": true,
    },
  ],
  Array [
    [Function],
    Object {
      "content": "B",
      "node": ABC,
    },
    Object {
      "freezeCursor": true,
    },
  ],
  Array [
    [Function],
    Object {
      "content": "C",
      "node": ABC,
    },
    Object {
      "freezeCursor": true,
      "isLast": true,
    },
  ],
  Array [
    [Function],
    100,
    Object {},
  ],
  Array [
    [Function],
    Object {
      "content": <br />,
      "node": null,
    },
    Object {
      "freezeCursor": true,
    },
  ],
  Array [
    [Function],
    500,
    Object {},
  ],
  Array [
    [Function],
    Object {
      "content": "E",
      "node": EFG,
    },
    Object {
      "freezeCursor": true,
      "isFirst": true,
    },
  ],
  Array [
    [Function],
    Object {
      "content": "F",
      "node": EFG,
    },
    Object {
      "freezeCursor": true,
    },
  ],
  Array [
    [Function],
    Object {
      "content": "G",
      "node": EFG,
    },
    Object {
      "freezeCursor": true,
      "isLast": true,
    },
  ],
]
`;

exports[`empty() addSplitPause() Inserts split pause around multiple strings. 1`] = `
Array [
  Array [
    [Function],
    250,
    Object {},
  ],
  Array [
    [Function],
    Object {
      "content": "A",
      "node": A,
    },
    Object {
      "freezeCursor": true,
      "isFirst": true,
      "isLast": true,
    },
  ],
  Array [
    [Function],
    375,
    Object {},
  ],
  Array [
    [Function],
    Object {
      "content": <br />,
      "node": null,
    },
    Object {
      "freezeCursor": true,
    },
  ],
  Array [
    [Function],
    375,
    Object {},
  ],
  Array [
    [Function],
    Object {
      "content": "B",
      "node": B,
    },
    Object {
      "freezeCursor": true,
      "isFirst": true,
      "isLast": true,
    },
  ],
  Array [
    [Function],
    375,
    Object {},
  ],
  Array [
    [Function],
    Object {
      "content": <br />,
      "node": null,
    },
    Object {
      "freezeCursor": true,
    },
  ],
  Array [
    [Function],
    375,
    Object {},
  ],
  Array [
    [Function],
    Object {
      "content": "C",
      "node": C,
    },
    Object {
      "freezeCursor": true,
      "isFirst": true,
      "isLast": true,
    },
  ],
  Array [
    [Function],
    375,
    Object {},
  ],
  Array [
    [Function],
    Object {
      "content": <br />,
      "node": null,
    },
    Object {
      "freezeCursor": true,
    },
  ],
  Array [
    [Function],
    375,
    Object {},
  ],
  Array [
    [Function],
    Object {
      "content": "D",
      "node": D,
    },
    Object {
      "freezeCursor": true,
      "isFirst": true,
      "isLast": true,
    },
  ],
  Array [
    [Function],
    375,
    Object {},
  ],
  Array [
    [Function],
    Object {
      "content": <br />,
      "node": null,
    },
    Object {
      "freezeCursor": true,
    },
  ],
  Array [
    [Function],
    375,
    Object {},
  ],
  Array [
    [Function],
    Object {
      "content": "E",
      "node": E,
    },
    Object {
      "freezeCursor": true,
      "isFirst": true,
      "isLast": true,
    },
  ],
]
`;

exports[`move() Should bookend action with same options when no options passed. 1`] = `
Array [
  Array [
    [Function],
    250,
    Object {},
  ],
  Array [
    [Function],
    Object {},
    Object {
      "force": true,
    },
  ],
  Array [
    [Function],
    1,
    Object {
      "freezeCursor": true,
    },
  ],
  Array [
    [Function],
    Object {
      "afterComplete": [Function],
      "afterStep": [Function],
      "afterString": [Function],
      "beforeStep": [Function],
      "beforeString": [Function],
      "breakLines": true,
      "cursor": true,
      "cursorChar": "|",
      "cursorSpeed": 1000,
      "deleteSpeed": null,
      "html": true,
      "lifeLike": true,
      "loop": false,
      "loopDelay": Array [
        375,
        375,
      ],
      "nextStringDelay": Array [
        375,
        375,
      ],
      "speed": 100,
      "startDelay": 250,
      "startDelete": false,
      "strings": Array [],
      "waitUntilVisible": false,
    },
    Object {
      "force": true,
    },
  ],
]
`;

exports[`move() Should queue pause after string when defined. 1`] = `
Array [
  [Function],
  300,
  Object {},
]
`;

exports[`move() Should queue pause correctly when options are passed. 1`] = `
Array [
  [Function],
  200,
  Object {},
]
`;

exports[`move() Should temporarily update options when specified. 1`] = `
Array [
  Array [
    [Function],
    250,
    Object {},
  ],
  Array [
    [Function],
    Object {
      "speed": 601,
    },
    Object {
      "force": true,
    },
  ],
  Array [
    [Function],
    "END",
    Object {
      "freezeCursor": true,
    },
  ],
  Array [
    [Function],
    Object {
      "afterComplete": [Function],
      "afterStep": [Function],
      "afterString": [Function],
      "beforeStep": [Function],
      "beforeString": [Function],
      "breakLines": true,
      "cursor": true,
      "cursorChar": "|",
      "cursorSpeed": 1000,
      "deleteSpeed": null,
      "html": true,
      "lifeLike": true,
      "loop": false,
      "loopDelay": Array [
        375,
        375,
      ],
      "nextStringDelay": Array [
        375,
        375,
      ],
      "speed": 100,
      "startDelay": 250,
      "startDelete": false,
      "strings": Array [],
      "waitUntilVisible": false,
    },
    Object {
      "force": true,
    },
  ],
]
`;

exports[`reset() Successfully resets when called. 1`] = `
Object {
  "afterComplete": [Function],
  "afterStep": [Function],
  "afterString": [Function],
  "beforeStep": [Function],
  "beforeString": [Function],
  "breakLines": true,
  "cursor": true,
  "cursorChar": "|",
  "cursorSpeed": 1000,
  "deleteSpeed": null,
  "html": true,
  "lifeLike": true,
  "loop": false,
  "loopDelay": Array [
    375,
    375,
  ],
  "nextStringDelay": Array [
    375,
    375,
  ],
  "speed": 100,
  "startDelay": 250,
  "startDelete": false,
  "strings": Array [
    "This is my string!",
  ],
  "waitUntilVisible": false,
}
`;

exports[`type() Should bookend action with same options when no options passed. 1`] = `
Array [
  Array [
    [Function],
    250,
    Object {},
  ],
  Array [
    [Function],
    Object {},
    Object {
      "force": true,
    },
  ],
  Array [
    [Function],
    Object {
      "content": "!",
      "node": !,
    },
    Object {
      "freezeCursor": true,
      "isFirst": true,
      "isLast": true,
    },
  ],
  Array [
    [Function],
    Object {
      "afterComplete": [Function],
      "afterStep": [Function],
      "afterString": [Function],
      "beforeStep": [Function],
      "beforeString": [Function],
      "breakLines": true,
      "cursor": true,
      "cursorChar": "|",
      "cursorSpeed": 1000,
      "deleteSpeed": null,
      "html": true,
      "lifeLike": true,
      "loop": false,
      "loopDelay": Array [
        375,
        375,
      ],
      "nextStringDelay": Array [
        375,
        375,
      ],
      "speed": 100,
      "startDelay": 250,
      "startDelete": false,
      "strings": Array [],
      "waitUntilVisible": false,
    },
    Object {
      "force": true,
    },
  ],
]
`;

exports[`type() Should queue pause after string when defined. 1`] = `
Array [
  [Function],
  300,
  Object {},
]
`;

exports[`type() Should queue pause correctly when options are passed. 1`] = `
Array [
  [Function],
  200,
  Object {},
]
`;

exports[`type() Should temporarily update options when specified. 1`] = `
Array [
  Array [
    [Function],
    250,
    Object {},
  ],
  Array [
    [Function],
    Object {
      "speed": 501,
    },
    Object {
      "force": true,
    },
  ],
  Array [
    [Function],
    Object {
      "content": "!",
      "node": !,
    },
    Object {
      "freezeCursor": true,
      "isFirst": true,
      "isLast": true,
    },
  ],
  Array [
    [Function],
    Object {
      "afterComplete": [Function],
      "afterStep": [Function],
      "afterString": [Function],
      "beforeStep": [Function],
      "beforeString": [Function],
      "breakLines": true,
      "cursor": true,
      "cursorChar": "|",
      "cursorSpeed": 1000,
      "deleteSpeed": null,
      "html": true,
      "lifeLike": true,
      "loop": false,
      "loopDelay": Array [
        375,
        375,
      ],
      "nextStringDelay": Array [
        375,
        375,
      ],
      "speed": 100,
      "startDelay": 250,
      "startDelete": false,
      "strings": Array [],
      "waitUntilVisible": false,
    },
    Object {
      "force": true,
    },
  ],
]
`;
