// Jest Snapshot v1, https://goo.gl/fbAQLP

exports[`Should insert a nested character object. 1`] = `"<em><span>y</span></em>"`;

exports[`Should insert before cursor when element is top-level. 1`] = `"    <span data-typeit-id=\\"9\\">Hello<i class=\\"ti-cursor\\">|</i></span>  "`;

exports[`Should not insert before cursor when target element is not top-level. 1`] = `"    <span><i class=\\"ti-cursor\\">|</i>Hello</span>  "`;

exports[`Should not insert into cursor node when a <span> is passed. 1`] = `"<h1><span>yx</span><span class=\\"ti-cursor\\">|</span></h1>"`;
